2026-07-24T10:29:52+00:00 start ART-116_INFRA_TOPOLOGY
2026-07-24T10:29:52+00:00 host probe: {'hostname': 'drdave-TRX50-AI-TOP', 'kernel': {'sysname': 'Linux', 'release': '7.0.0-28-generic', 'version': '#28-Ubuntu SMP PREEMPT_DYNAMIC Sun Jun 21 01:01:36 UTC 2026', 'machine': 'x86_64'}}
$ /usr/sbin/ip -j addr  # purpose=interface_addresses rc=0
  stdout_tail: [{"ifindex":1,"ifname":"lo","flags":["LOOPBACK","UP","LOWER_UP"],"mtu":65536,"qdisc":"noqueue","operstate":"UNKNOWN","group":"default","txqlen":1000,"link_type":"loopback","address":"00:00:00:00:00:00","broadcast":"00:00:00:00:00:00","addr_info":[{"family":"inet","local":"127.0.0.1","prefixlen":8,"scope":"host","label":"lo","valid_life_time":4294967295,"preferred_life_time":4294967295},{"family":"inet6","local":"::1","prefixlen":128,"scope":"host","noprefixroute":true,"valid_life_time":4294967295,"preferred_life_time":4294967295}]},{"ifindex":2,"ifname":"eno1","flags":["BROADCAST","MULTICAST","UP","LOWER_UP"],"mtu":1500,"qdisc":"mq","operstate":"UP","group":"default","txqlen":1000,"link_type":"ether","address":"10:ff:e0:b3:9e:55","broadcast":"ff:ff:ff:ff:ff:ff","altnames":["enp70s0","enx10ffe0b39e55"],"addr_info":[{"family":"inet","local":"10.0.1.172","prefixlen":24,"broadcast":"10.0.1.255","scope":"global","dynamic":true,"noprefixroute":true,"label":"eno1","valid_life_time":4397,"preferred_life_time":4397},{"family":"inet6","local":"fe80::12ff:e0ff:feb3:9e55","prefixlen":64,"scope":"link","noprefixroute":true,"valid_life_time":4294967295,"preferred_life_time":4294967295}]},{"ifindex":3,"ifname":"enp73s0","flags":["NO-CARRIER","BROADCAST","MULTICAST","UP"],"mtu":1500,"qdisc":"mq","operstate":"DOWN","group":"default","txqlen":1000,"link_type":"ether","address":"10:ff:e0:b3:9e:56","broadcast":"ff:ff:ff:ff:ff:ff","altnames":["enx10ffe0b39e56"],"addr_info":[]},{"ifindex":6,"ifname":"wlp71s0","flags":["BROADCAST","MULTICAST","UP","LOWER_UP"],"mtu":1500,"qdisc":"noqueue","operstate":"UP","group":"default","txqlen":1000,"link_type":"ether","address":"04:68:74:aa:a0:65","broadcast":"ff:ff:ff:ff:ff:ff","altnames":["wlx046874aaa065"],"addr_info":[{"family":"inet","local":"10.0.1.161","prefixlen":24,"broadcast":"10.0.1.255","scope":"global","dynamic":true,"noprefixroute":true,"label":"wlp71s0","valid_life_time":5317,"preferred_life_time":5317},{"family":"inet6","local":"fe80::45ad:5107:3e96:1f46","prefixlen":64,"scope":"link","noprefixroute":true,"valid_life_time":4294967295,"preferred_life_time":4294967295}]},{"ifindex":7,"ifname":"virbr0","flags":["NO-CARRIER","BROADCAST","MULTICAST","UP"],"mtu":1500,"qdisc":"noqueue","operstate":"DOWN","group":"default","txqlen":1000,"link_type":"ether","address":"52:54:00:a2:9b:31","broadcast":"ff:ff:ff:ff:ff:ff","addr_info":[{"family":"inet","local":"192.168.122.1","prefixlen":24,"broadcast":"192.168.122.255","scope":"global","label":"virbr0","valid_life_time":4294967295,"preferred_life_time":4294967295}]},{"ifindex":8,"ifname":"docker0","flags":["NO-CARRIER","BROADCAST","MULTICAST","UP"],"mtu":1500,"qdisc":"noqueue","operstate":"DOWN","group":"default","link_type":"ether","address":"12:21:ba:7e:a7:04","broadcast":"ff:ff:ff:ff:ff:ff","addr_info":[{"family":"inet","local":"172.17.0.1","prefixlen":16,"broadcast":"172.17.255.255","scope":"global","label":"docker0","valid_life_time":4294967295,"preferred_life_time":4294967295}]},{"ifindex":9,"ifname":"br-6fff958fc08d","flags":["NO-CARRIER","BROADCAST","MULTICAST","UP"],"mtu":1500,"qdisc":"noqueue","operstate":"DOWN","group":"default","link_type":"ether","address":"f2:76:d1:42:b6:e1","broadcast":"ff:ff:ff:ff:ff:ff","addr_info":[{"family":"inet","local":"172.18.0.1","prefixlen":16,"broadcast":"172.18.255.255","scope":"global","label":"br-6fff958fc08d","valid_life_time":4294967295,"preferred_life_time":4294967295}]},{"ifindex":18,"ifname":"enxb6c23dc46927","flags":["BROADCAST","MULTICAST","UP","LOWER_UP"],"mtu":1500,"qdisc":"fq_codel","operstate":"UP","group":"default","txqlen":1000,"link_type":"ether","address":"b6:c2:3d:c4:69:27","broadcast":"ff:ff:ff:ff:ff:ff","addr_info":[]},{"ifindex":19,"ifname":"enxde98079bf2db","flags":["BROADCAST","MULTICAST","UP","LOWER_UP"],"mtu":1500,"qdisc":"fq_codel","operstate":"UNKNOWN","group":"default","txqlen":1000,"link_type":"ether","address":"de:98:07:9b:f2:db","broadcast":"ff:ff:ff:ff:ff:ff","addr_info":[]}]
$ /usr/sbin/ip route  # purpose=ipv4_routes rc=0
  stdout_tail: 10.0.1.0/24 dev eno1 proto kernel scope link src 10.0.1.172 metric 104 
10.0.1.0/24 dev wlp71s0 proto kernel scope link src 10.0.1.161 metric 600 
172.17.0.0/16 dev docker0 proto kernel scope link src 172.17.0.1 linkdown 
172.18.0.0/16 dev br-6fff958fc08d proto kernel scope link src 172.18.0.1 linkdown 
192.168.122.0/24 dev virbr0 proto kernel scope link src 192.168.122.1 linkdown 
$ /bin/ss -tlnp  # purpose=listening_sockets rc=0
  stdout_tail: LISTEN 0      1024                                     *:29812            *:*                                                
LISTEN 0      1024                                     *:29813            *:*                                                
LISTEN 0      1024                                     *:29814            *:*                                                
LISTEN 0      1024                                     *:29815            *:*                                                
LISTEN 0      1024                                     *:29811            *:*                                                
$ /bin/df -B1 -P  # purpose=filesystem_usage rc=0
  stdout_tail: tmpfs            267856146432      59232256   267796914176       1% /tmp
tmpfs             53571227648   20016680960    33554546688      38% /run/user/1001
tmpfs             53571227648        106496    53571121152       1% /run/user/1000
/dev/sdc1      24000275144704 1871603507200 22128671637504       8% /run/media/flexnetos/BackupHDD
/dev/sdd             33501184        241664       33259520       1% /run/media/flexnetos/COGNITUM
$ /usr/bin/lsblk -J -e7 -o NAME,SIZE,TYPE,FSTYPE,MOUNTPOINTS,MODEL,SERIAL  # purpose=block_devices rc=0
  stdout_tail:             }
         ]
      }
   ]
}
$ /usr/bin/du -sh /home/flexnetos/meta/var/lib/postgresql/17  # purpose=postgresql_datadir_size rc=0
  stdout_tail: 25G	/home/flexnetos/meta/var/lib/postgresql/17
$ /usr/sbin/nft list ruleset  # purpose=firewall_ruleset:nft rc=1
  stderr_tail: Operation not permitted (you must be root)
netlink: Error: cache initialization failed: Operation not permitted
$ /sbin/iptables -L -n  # purpose=firewall_ruleset:iptables rc=4
  stderr_tail: iptables v1.8.11 (nf_tables): Could not fetch rule set generation id: Permission denied (you must be root)
$ /usr/sbin/ufw status  # purpose=firewall_ruleset:ufw rc=1
  stderr_tail: ERROR: You need to be root to run this script
$ /usr/bin/openssl x509 -noout -subject -issuer -enddate -in /etc/ssl/certs/ca-certificates.crt  # purpose=cert_metadata:ca-certificates.crt rc=0
  stdout_tail: subject=CN=ACCVRAIZ1, OU=PKIACCV, O=ACCV, C=ES
issuer=CN=ACCVRAIZ1, OU=PKIACCV, O=ACCV, C=ES
notAfter=Dec 31 09:37:37 2030 GMT
$ /usr/bin/openssl x509 -noout -subject -issuer -enddate -in /usr/lib/ssl/certs/ca-certificates.crt  # purpose=cert_metadata:ca-certificates.crt rc=0
  stdout_tail: subject=CN=ACCVRAIZ1, OU=PKIACCV, O=ACCV, C=ES
issuer=CN=ACCVRAIZ1, OU=PKIACCV, O=ACCV, C=ES
notAfter=Dec 31 09:37:37 2030 GMT
$ /usr/bin/openssl x509 -noout -subject -issuer -enddate -in /usr/local/share/ca-certificates/cognitum-ca.crt  # purpose=cert_metadata:cognitum-ca.crt rc=0
  stdout_tail: subject=CN=Cognitum Device CA, O=Cognitum One, OU=Device Security
issuer=CN=Cognitum Device CA, O=Cognitum One, OU=Device Security
notAfter=Jun 13 11:17:14 2046 GMT
$ /usr/bin/openssl x509 -noout -subject -issuer -enddate -in /usr/local/share/ca-certificates/lane.crt  # purpose=cert_metadata:lane.crt rc=0
  stdout_tail: subject=CN=lane Root CA, O=lane
issuer=CN=lane Root CA, O=lane
notAfter=Jun 10 22:30:20 2036 GMT
$ /usr/bin/openssl x509 -noout -subject -issuer -enddate -in /etc/ssl/certs/002c0b4f.0  # purpose=cert_metadata:002c0b4f.0 rc=0
  stdout_tail: subject=C=BE, O=GlobalSign nv-sa, CN=GlobalSign Root R46
issuer=C=BE, O=GlobalSign nv-sa, CN=GlobalSign Root R46
notAfter=Mar 20 00:00:00 2046 GMT
$ /usr/bin/openssl x509 -noout -subject -issuer -enddate -in /etc/ssl/certs/0179095f.0  # purpose=cert_metadata:0179095f.0 rc=0
  stdout_tail: subject=C=CN, O=BEIJING CERTIFICATE AUTHORITY, CN=BJCA Global Root CA1
issuer=C=CN, O=BEIJING CERTIFICATE AUTHORITY, CN=BJCA Global Root CA1
notAfter=Dec 12 03:16:17 2044 GMT
$ /usr/bin/openssl x509 -noout -subject -issuer -enddate -in /etc/ssl/certs/062cdee6.0  # purpose=cert_metadata:062cdee6.0 rc=0
  stdout_tail: subject=OU=GlobalSign Root CA - R3, O=GlobalSign, CN=GlobalSign
issuer=OU=GlobalSign Root CA - R3, O=GlobalSign, CN=GlobalSign
notAfter=Mar 18 10:00:00 2029 GMT
$ /usr/bin/openssl x509 -noout -subject -issuer -enddate -in /etc/ssl/certs/064e0aa9.0  # purpose=cert_metadata:064e0aa9.0 rc=0
  stdout_tail: subject=C=BM, O=QuoVadis Limited, CN=QuoVadis Root CA 2 G3
issuer=C=BM, O=QuoVadis Limited, CN=QuoVadis Root CA 2 G3
notAfter=Jan 12 18:59:32 2042 GMT
$ /usr/bin/openssl x509 -noout -subject -issuer -enddate -in /etc/ssl/certs/06dc52d5.0  # purpose=cert_metadata:06dc52d5.0 rc=0
  stdout_tail: subject=C=US, ST=Texas, L=Houston, O=SSL Corporation, CN=SSL.com EV Root Certification Authority RSA R2
issuer=C=US, ST=Texas, L=Houston, O=SSL Corporation, CN=SSL.com EV Root Certification Authority RSA R2
notAfter=May 30 18:14:37 2042 GMT
$ /usr/bin/openssl x509 -noout -subject -issuer -enddate -in /etc/ssl/certs/09789157.0  # purpose=cert_metadata:09789157.0 rc=0
  stdout_tail: subject=C=US, ST=Arizona, L=Scottsdale, O=Starfield Technologies, Inc., CN=Starfield Services Root Certificate Authority - G2
issuer=C=US, ST=Arizona, L=Scottsdale, O=Starfield Technologies, Inc., CN=Starfield Services Root Certificate Authority - G2
notAfter=Dec 31 23:59:59 2037 GMT
$ /usr/bin/openssl x509 -noout -subject -issuer -enddate -in /etc/ssl/certs/0a775a30.0  # purpose=cert_metadata:0a775a30.0 rc=0
  stdout_tail: subject=C=US, O=Google Trust Services LLC, CN=GTS Root R3
issuer=C=US, O=Google Trust Services LLC, CN=GTS Root R3
notAfter=Jun 22 00:00:00 2036 GMT
$ /usr/bin/openssl x509 -noout -subject -issuer -enddate -in /etc/ssl/certs/0b1b94ef.0  # purpose=cert_metadata:0b1b94ef.0 rc=0
  stdout_tail: subject=C=CN, O=China Financial Certification Authority, CN=CFCA EV ROOT
issuer=C=CN, O=China Financial Certification Authority, CN=CFCA EV ROOT
notAfter=Dec 31 03:07:01 2029 GMT
$ /usr/bin/openssl x509 -noout -subject -issuer -enddate -in /etc/ssl/certs/0b9bc432.0  # purpose=cert_metadata:0b9bc432.0 rc=0
  stdout_tail: subject=C=US, O=Internet Security Research Group, CN=ISRG Root X2
issuer=C=US, O=Internet Security Research Group, CN=ISRG Root X2
notAfter=Sep 17 16:00:00 2040 GMT
$ /usr/bin/openssl x509 -noout -subject -issuer -enddate -in /etc/ssl/certs/0bf05006.0  # purpose=cert_metadata:0bf05006.0 rc=0
  stdout_tail: subject=C=US, ST=Texas, L=Houston, O=SSL Corporation, CN=SSL.com Root Certification Authority ECC
issuer=C=US, ST=Texas, L=Houston, O=SSL Corporation, CN=SSL.com Root Certification Authority ECC
notAfter=Feb 12 18:14:03 2041 GMT
$ /usr/bin/openssl x509 -noout -subject -issuer -enddate -in /etc/ssl/certs/0f5dc4f3.0  # purpose=cert_metadata:0f5dc4f3.0 rc=0
  stdout_tail: subject=C=CN, O=UniTrust, CN=UCA Extended Validation Root
issuer=C=CN, O=UniTrust, CN=UCA Extended Validation Root
notAfter=Dec 31 00:00:00 2038 GMT
$ /usr/bin/openssl x509 -noout -subject -issuer -enddate -in /etc/ssl/certs/0f6fa695.0  # purpose=cert_metadata:0f6fa695.0 rc=0
  stdout_tail: subject=C=CN, O=GUANG DONG CERTIFICATE AUTHORITY CO.,LTD., CN=GDCA TrustAUTH R5 ROOT
issuer=C=CN, O=GUANG DONG CERTIFICATE AUTHORITY CO.,LTD., CN=GDCA TrustAUTH R5 ROOT
notAfter=Dec 31 15:59:59 2040 GMT
$ /usr/bin/openssl x509 -noout -subject -issuer -enddate -in /etc/ssl/certs/1001acf7.0  # purpose=cert_metadata:1001acf7.0 rc=0
  stdout_tail: subject=C=US, O=Google Trust Services LLC, CN=GTS Root R1
issuer=C=US, O=Google Trust Services LLC, CN=GTS Root R1
notAfter=Jun 22 00:00:00 2036 GMT
$ /usr/bin/openssl x509 -noout -subject -issuer -enddate -in /etc/ssl/certs/1359544c.0  # purpose=cert_metadata:1359544c.0 rc=0
  stdout_tail: subject=CN=Cognitum Device CA, O=Cognitum One, OU=Device Security
issuer=CN=Cognitum Device CA, O=Cognitum One, OU=Device Security
notAfter=Jun 13 11:17:14 2046 GMT
$ /usr/bin/openssl x509 -noout -subject -issuer -enddate -in /etc/ssl/certs/14bc7599.0  # purpose=cert_metadata:14bc7599.0 rc=0
  stdout_tail: subject=C=IN, OU=emSign PKI, O=eMudhra Technologies Limited, CN=emSign ECC Root CA - G3
issuer=C=IN, OU=emSign PKI, O=eMudhra Technologies Limited, CN=emSign ECC Root CA - G3
notAfter=Feb 18 18:30:00 2043 GMT
$ /usr/bin/openssl x509 -noout -subject -issuer -enddate -in /etc/ssl/certs/1cef98f5.0  # purpose=cert_metadata:1cef98f5.0 rc=0
  stdout_tail: subject=C=CN, O=TrustAsia Technologies, Inc., CN=TrustAsia Global Root CA G4
issuer=C=CN, O=TrustAsia Technologies, Inc., CN=TrustAsia Global Root CA G4
notAfter=May 19 02:10:22 2046 GMT
2026-07-24T10:29:52+00:00 wrote migration-artifacts/art-116_infra_topology/topology.json
2026-07-24T10:29:52+00:00 wrote migration-artifacts/art-116_infra_topology/topology.md
2026-07-24T10:29:52+00:00 wrote migration-artifacts/08-operations/infrastructure-topology-map.md
2026-07-24T10:29:52+00:00 registry hashes recorded: True
2026-07-24T10:29:52+00:00 validation evidence linked: True
2026-07-24T10:29:52+00:00 envctl registry commit: deferred (owner-gated committer unavailable this session)
