REQ-033_PLUGIN_HUMAN_APPROVAL verification log
timestamp_utc=2026-07-27T04:39:10Z
NU_PLUGIN_REPO=/home/flexnetos/Downloads/nu_plugin

[approval gate]
python3 scripts/validate_agent_approval_gate.py
result=passed

[implementation]
command=codedb envctl human approvals
target=crates/nu_plugin_codedb/src/main.rs
views=mode,approval,operation
actions=opt_in,approve,deny,pause,delegate
mutation_policy=read_only_human_approval_projection
input_formats=json_array,json_object,jsonl

[verification]
cargo test -p nu_plugin_codedb
result=7 passed
cargo test --workspace
result=35 passed across 16 suites
cargo fmt --all -- --check
result=passed
mode_validation=passed
malformed_jsonl_validation=passed
