{
  "schema_version": "1.0",
  "task_id": "VER-303_GOAL_LOOP_COMPUTE",
  "status": "pass",
  "generated_at": "2026-07-27T15:28:06+00:00",
  "packet_summary": {
    "goal": "Ensure the /goal loop can compute a complete run path or stop at explicit approval blockers",
    "repo_target": "filesystem",
    "repo_path": "..",
    "filesystem_scope": "package-root",
    "verification_command": "python3 scripts/verify_ver303_goal_loop_compute.py"
  },
  "dependency_proofs": {
    "VER-302_PACKET_SCHEMA_VALIDATION": {
      "proof_path": "proof_records/VER-302_PACKET_SCHEMA_VALIDATION.proof.json",
      "status": "completed",
      "ok": true
    },
    "REQ-045_RUN_REPLAY": {
      "proof_path": "proof_records/REQ-045_RUN_REPLAY.proof.json",
      "status": "completed",
      "ok": true
    }
  },
  "retry_context": {
    "active": true,
    "reset_tasks": [
      "REL-400_PACKAGE_ARCHIVE",
      "REL-401_HANDOFF",
      "VER-303_GOAL_LOOP_COMPUTE",
      "VER-304_FINAL_COMPLETENESS"
    ]
  },
  "current_state": {
    "generated_at": "2026-07-27T15:28:06+00:00",
    "dispatch_packets": [
      {
        "task_id": "VER-303_GOAL_LOOP_COMPUTE",
        "parallel_group": "verification",
        "max_parallel": 1,
        "packet_uri": "generated/execution_packets/VER-303_GOAL_LOOP_COMPUTE.json"
      }
    ],
    "runnable_tasks": [
      {
        "task_id": "VER-303_GOAL_LOOP_COMPUTE",
        "parallel_group": "verification",
        "max_parallel": 1,
        "packet_uri": "generated/execution_packets/VER-303_GOAL_LOOP_COMPUTE.json"
      }
    ],
    "approval_blockers": [],
    "blocked_tasks": [
      {
        "task_id": "VER-304_FINAL_COMPLETENESS",
        "reason": "unmet dependencies",
        "dependencies": [
          "VER-303_GOAL_LOOP_COMPUTE"
        ]
      },
      {
        "task_id": "REL-400_PACKAGE_ARCHIVE",
        "reason": "unmet dependencies",
        "dependencies": [
          "VER-304_FINAL_COMPLETENESS"
        ]
      },
      {
        "task_id": "REL-401_HANDOFF",
        "reason": "unmet dependencies",
        "dependencies": [
          "REL-400_PACKAGE_ARCHIVE"
        ]
      }
    ],
    "status_ver303": "pending",
    "status_ver304": "pending"
  },
  "projected_run_path": [
    "VER-303_GOAL_LOOP_COMPUTE",
    "VER-304_FINAL_COMPLETENESS",
    "REL-400_PACKAGE_ARCHIVE",
    "REL-401_HANDOFF"
  ],
  "projected_stop_reason": "complete",
  "projected_terminal_state": {
    "complete_count": 80,
    "failed_count": 0,
    "pending_count": 0,
    "approval_blocker_count": 0,
    "blocked_count": 0,
    "dispatch_count": 0
  },
  "checks": {
    "dependencies_completed": true,
    "current_dispatch_targets_ver303": true,
    "current_runnable_contains_only_ver303": true,
    "current_has_no_approval_blockers": true,
    "current_status_marks_ver303_pending": true,
    "current_status_surface_matches_compute": true,
    "projected_path_begins_with_ver303": true,
    "projected_advances_to_ver304": true,
    "projected_reaches_release_tasks": true,
    "projected_stops_as_complete": true,
    "projected_has_no_approval_blockers": true,
    "projected_has_no_failed_tasks": true,
    "projected_finishes_all_tasks": true,
    "ver304_is_currently_blocked_only_by_ver303": true,
    "packet_proof_required": true,
    "packet_single_threaded": true
  },
  "warnings": [],
  "errors": [],
  "sha256": {
    "generated/execution_packets/VER-303_GOAL_LOOP_COMPUTE.json": "sha256:ad8b9d814c8c8424f1562d7bbbcfaa239d05dc6057fc1d0b9f3288bf08e4a5db",
    "generated/status_report.json": "sha256:94005178d93013f197958a1f90dfd22a7523958306f3c1e303f0e3e22dcc02d7",
    "proof_records/proof_ledger.jsonl": "sha256:bfcef6ab839dce7ce847e245cc494d6bab8336799143d45b10976f46274c5b7c",
    "proof_records/VER-302_PACKET_SCHEMA_VALIDATION.proof.json": "sha256:87868b874406f3d0b48f8bb815e9d8fe5be2b4adaf03f93d21e2b3b33179a0bc",
    "proof_records/REQ-045_RUN_REPLAY.proof.json": "sha256:de018dae64d7165bb3e65af3916c105ea045a2041b1fc94e30e46cee19e58fa0"
  },
  "secret_scan": {
    "paths": [
      "generated/ver303_goal_loop_compute_report.json",
      "logs/VER-303_GOAL_LOOP_COMPUTE.log",
      "scripts/verify_ver303_goal_loop_compute.py"
    ],
    "findings": []
  }
}
